

              |\      _,,,--,,_
             /,`.-'`'   ._  \-;;,_
  _______ __|,4-  ) )_   .;.(__`'-'__     ___ __    _ ___ _______
 |       | '---''(_/._)-'(_\_)   |   |   |   |  |  | |   |       |
 |    _  |    ___|_     _|       |   |   |   |   |_| |   |       | __ _ _
 |   |_| |   |___  |   | |       |   |   |   |       |   |       | \ \ \ \
 |    ___|    ___| |   | |      _|   |___|   |  _    |   |      _|  \ \ \ \
 |   |   |   |___  |   | |     |_|       |   | | |   |   |     |_    ) ) ) )
 |___|   |_______| |___| |_______|_______|___|_|  |__|___|_______|  / / / /
 ==================================================================/_/_/_/

:: Built with Spring Boot :: 4.0.3


2026-08-31T13:26:35.916+04:00  INFO 14412 --- [           main] o.s.s.petclinic.PetClinicApplication     : Starting PetClinicApplication v4.0.2-SNAPSHOT using Java 17.0.18 with PID 14412 (/Users/ggrigoryan/spring-petclinic/target/spring-petclinic-4.0.2-SNAPSHOT.jar started by ggrigoryan in /Users/ggrigoryan/spring-petclinic)
2026-08-31T13:26:35.919+04:00  INFO 14412 --- [           main] o.s.s.petclinic.PetClinicApplication     : No active profile set, falling back to 1 default profile: "default"
2026-08-31T13:26:36.576+04:00  INFO 14412 --- [           main] .s.d.r.c.RepositoryConfigurationDelegate : Bootstrapping Spring Data JPA repositories in DEFAULT mode.
2026-08-31T13:26:36.617+04:00  INFO 14412 --- [           main] .s.d.r.c.RepositoryConfigurationDelegate : Finished Spring Data repository scanning in 34 ms. Found 3 JPA repository interfaces.
2026-08-31T13:26:37.068+04:00  INFO 14412 --- [           main] o.s.boot.tomcat.TomcatWebServer          : Tomcat initialized with port 8080 (http)
2026-08-31T13:26:37.077+04:00  INFO 14412 --- [           main] o.apache.catalina.core.StandardService   : Starting service [Tomcat]
2026-08-31T13:26:37.077+04:00  INFO 14412 --- [           main] o.apache.catalina.core.StandardEngine    : Starting Servlet engine: [Apache Tomcat/11.0.18]
2026-08-31T13:26:37.098+04:00  INFO 14412 --- [           main] b.w.c.s.WebApplicationContextInitializer : Root WebApplicationContext: initialization completed in 1120 ms
2026-08-31T13:26:37.224+04:00  INFO 14412 --- [           main] com.zaxxer.hikari.HikariDataSource       : HikariPool-1 - Starting...
2026-08-31T13:26:37.332+04:00  INFO 14412 --- [           main] com.zaxxer.hikari.pool.HikariPool        : HikariPool-1 - Added connection conn0: url=jdbc:h2:mem:e906acbb-91ba-43e2-bfe1-5fdd497743d3 user=SA
2026-08-31T13:26:37.333+04:00  INFO 14412 --- [           main] com.zaxxer.hikari.HikariDataSource       : HikariPool-1 - Start completed.
2026-08-31T13:26:37.425+04:00  INFO 14412 --- [           main] org.hibernate.orm.jpa                    : HHH008540: Processing PersistenceUnitInfo [name: default]
2026-08-31T13:26:37.460+04:00  INFO 14412 --- [           main] org.hibernate.orm.core                   : HHH000001: Hibernate ORM core version 7.2.4.Final
2026-08-31T13:26:37.701+04:00  INFO 14412 --- [           main] o.s.o.j.p.SpringPersistenceUnitInfo      : No LoadTimeWeaver setup: ignoring JPA class transformer
2026-08-31T13:26:37.744+04:00  INFO 14412 --- [           main] org.hibernate.orm.connections.pooling    : HHH10001005: Database info:
	Database JDBC URL [jdbc:h2:mem:e906acbb-91ba-43e2-bfe1-5fdd497743d3]
	Database driver: H2 JDBC Driver
	Database dialect: H2Dialect
	Database version: 2.4.240
	Default catalog/schema: E906ACBB-91BA-43E2-BFE1-5FDD497743D3/PUBLIC
	Autocommit mode: undefined/unknown
	Isolation level: READ_COMMITTED [default READ_COMMITTED]
	JDBC fetch size: 100
	Pool: DataSourceConnectionProvider
	Minimum pool size: undefined/unknown
	Maximum pool size: undefined/unknown
2026-08-31T13:26:38.301+04:00  INFO 14412 --- [           main] org.hibernate.orm.core                   : HHH000489: No JTA platform available (set 'hibernate.transaction.jta.platform' to enable JTA platform integration)
2026-08-31T13:26:38.305+04:00  INFO 14412 --- [           main] j.LocalContainerEntityManagerFactoryBean : Initialized JPA EntityManagerFactory for persistence unit 'default'
2026-08-31T13:26:38.359+04:00  INFO 14412 --- [           main] o.s.d.j.r.query.QueryEnhancerFactories   : Hibernate is in classpath; If applicable, HQL parser will be used.
2026-08-31T13:26:39.096+04:00  INFO 14412 --- [           main] o.s.b.a.e.web.EndpointLinksResolver      : Exposing 13 endpoints beneath base path '/actuator'
2026-08-31T13:26:39.160+04:00  INFO 14412 --- [           main] o.s.boot.tomcat.TomcatWebServer          : Tomcat started on port 8080 (http) with context path '/'
2026-08-31T13:26:39.168+04:00  INFO 14412 --- [           main] o.s.s.petclinic.PetClinicApplication     : Started PetClinicApplication in 3.573 seconds (process running for 4.013)
2026-08-31T14:33:42.738+04:00  WARN 14412 --- [l-1:housekeeper] com.zaxxer.hikari.pool.HikariPool        : HikariPool-1 - Thread starvation or clock leap detected (housekeeper delta=6m34s809ms).
2026-08-31T14:36:05.210+04:00  WARN 14412 --- [l-1:housekeeper] com.zaxxer.hikari.pool.HikariPool        : HikariPool-1 - Thread starvation or clock leap detected (housekeeper delta=2m22s482ms).
2026-08-31T14:50:54.457+04:00  WARN 14412 --- [l-1:housekeeper] com.zaxxer.hikari.pool.HikariPool        : HikariPool-1 - Thread starvation or clock leap detected (housekeeper delta=1m19s122ms).
2026-08-31T15:16:49.261+04:00  WARN 14412 --- [l-1:housekeeper] com.zaxxer.hikari.pool.HikariPool        : HikariPool-1 - Thread starvation or clock leap detected (housekeeper delta=14m24s682ms).
2026-08-31T15:28:23.026+04:00  WARN 14412 --- [l-1:housekeeper] com.zaxxer.hikari.pool.HikariPool        : HikariPool-1 - Thread starvation or clock leap detected (housekeeper delta=11m33s763ms).
